main.c:84:5:main	8	static
main.c:151:6:SystemClock_Config	88	static
main.c:196:13:MX_TIM1_Init	56	static
main.c:246:13:MX_TIM2_Init	32	static
main.c:291:13:MX_TIM3_Init	64	static
main.c:354:13:MX_USART2_UART_Init	8	static
main.c:387:13:MX_GPIO_Init	48	static
main.c:420:7:EncoderVelocity_Update	48	static
main.c:456:6:Process_Value	24	static
main.c:478:6:Control_RPM	32	static
main.c:494:6:HAL_TIM_PeriodElapsedCallback	16	static
main.c:501:10:micros	12	static
main.c:511:6:Error_Handler	4	static,ignoring_inline_asm
