main.c:87:5:main	16	static
main.c:150:6:SystemClock_Config	88	static
main.c:195:13:MX_TIM1_Init	56	static
main.c:245:13:MX_TIM2_Init	32	static
main.c:290:13:MX_TIM3_Init	64	static
main.c:353:13:MX_USART2_UART_Init	8	static
main.c:386:13:MX_GPIO_Init	48	static
main.c:422:7:EncoderVelocity_Update	48	static
main.c:458:6:Process_Value	16	static
main.c:478:6:Control_RPM	16	static
main.c:493:6:HAL_TIM_PeriodElapsedCallback	16	static
main.c:500:10:micros	12	static
main.c:510:6:Error_Handler	4	static,ignoring_inline_asm
